------------------------------------------------------------
TimeQuest Timing Analyzer Summary
------------------------------------------------------------

Type  : Slow 1100mV 85C Model Setup 'KEY[0]'
Slack : -7.764
TNS   : -67.819

Type  : Slow 1100mV 85C Model Hold 'KEY[0]'
Slack : 1.140
TNS   : 0.000

Type  : Slow 1100mV 85C Model Minimum Pulse Width 'clk'
Slack : -0.394
TNS   : -6.589

Type  : Slow 1100mV 85C Model Minimum Pulse Width 'KEY[0]'
Slack : -0.195
TNS   : -2.922

Type  : Slow 1100mV 0C Model Setup 'KEY[0]'
Slack : -8.038
TNS   : -69.676

Type  : Slow 1100mV 0C Model Hold 'KEY[0]'
Slack : 1.187
TNS   : 0.000

Type  : Slow 1100mV 0C Model Minimum Pulse Width 'clk'
Slack : -0.394
TNS   : -6.019

Type  : Slow 1100mV 0C Model Minimum Pulse Width 'KEY[0]'
Slack : -0.215
TNS   : -3.844

Type  : Fast 1100mV 85C Model Setup 'KEY[0]'
Slack : -3.641
TNS   : -31.568

Type  : Fast 1100mV 85C Model Hold 'KEY[0]'
Slack : 0.551
TNS   : 0.000

Type  : Fast 1100mV 85C Model Minimum Pulse Width 'KEY[0]'
Slack : -0.519
TNS   : -13.378

Type  : Fast 1100mV 85C Model Minimum Pulse Width 'clk'
Slack : -0.395
TNS   : -4.828

Type  : Fast 1100mV 0C Model Setup 'KEY[0]'
Slack : -3.331
TNS   : -28.705

Type  : Fast 1100mV 0C Model Hold 'KEY[0]'
Slack : 0.608
TNS   : 0.000

Type  : Fast 1100mV 0C Model Minimum Pulse Width 'KEY[0]'
Slack : -0.550
TNS   : -14.674

Type  : Fast 1100mV 0C Model Minimum Pulse Width 'clk'
Slack : -0.432
TNS   : -5.792

------------------------------------------------------------
