------------------------------------------------------------
TimeQuest Timing Analyzer Summary
------------------------------------------------------------

Type  : Slow 1100mV 85C Model Setup 'clk'
Slack : -12.655
TNS   : -30223.564

Type  : Slow 1100mV 85C Model Hold 'clk'
Slack : 0.388
TNS   : 0.000

Type  : Slow 1100mV 85C Model Minimum Pulse Width 'clk'
Slack : -0.394
TNS   : -1509.586

Type  : Slow 1100mV 0C Model Setup 'clk'
Slack : -12.414
TNS   : -29456.653

Type  : Slow 1100mV 0C Model Hold 'clk'
Slack : 0.382
TNS   : 0.000

Type  : Slow 1100mV 0C Model Minimum Pulse Width 'clk'
Slack : -0.394
TNS   : -1621.870

Type  : Fast 1100mV 85C Model Setup 'clk'
Slack : -7.819
TNS   : -17488.841

Type  : Fast 1100mV 85C Model Hold 'clk'
Slack : 0.205
TNS   : 0.000

Type  : Fast 1100mV 85C Model Minimum Pulse Width 'clk'
Slack : -0.086
TNS   : -218.502

Type  : Fast 1100mV 0C Model Setup 'clk'
Slack : -6.845
TNS   : -15375.891

Type  : Fast 1100mV 0C Model Hold 'clk'
Slack : 0.194
TNS   : 0.000

Type  : Fast 1100mV 0C Model Minimum Pulse Width 'clk'
Slack : -0.084
TNS   : -218.033

------------------------------------------------------------
