------------------------------------------------------------
TimeQuest Timing Analyzer Summary
------------------------------------------------------------

Type  : Slow 1100mV 85C Model Setup 'clk'
Slack : -0.201
TNS   : -0.565

Type  : Slow 1100mV 85C Model Hold 'clk'
Slack : 0.227
TNS   : 0.000

Type  : Slow 1100mV 85C Model Minimum Pulse Width 'clk'
Slack : -0.394
TNS   : -2.136

Type  : Slow 1100mV 0C Model Setup 'clk'
Slack : -0.231
TNS   : -0.691

Type  : Slow 1100mV 0C Model Hold 'clk'
Slack : 0.212
TNS   : 0.000

Type  : Slow 1100mV 0C Model Minimum Pulse Width 'clk'
Slack : -0.394
TNS   : -2.273

Type  : Fast 1100mV 85C Model Setup 'clk'
Slack : 0.314
TNS   : 0.000

Type  : Fast 1100mV 85C Model Hold 'clk'
Slack : 0.140
TNS   : 0.000

Type  : Fast 1100mV 85C Model Minimum Pulse Width 'clk'
Slack : -0.082
TNS   : -0.326

Type  : Fast 1100mV 0C Model Setup 'clk'
Slack : 0.337
TNS   : 0.000

Type  : Fast 1100mV 0C Model Hold 'clk'
Slack : 0.128
TNS   : 0.000

Type  : Fast 1100mV 0C Model Minimum Pulse Width 'clk'
Slack : -0.081
TNS   : -0.322

------------------------------------------------------------
