------------------------------------------------------------
TimeQuest Timing Analyzer Summary
------------------------------------------------------------

Type  : Slow 1100mV 85C Model Setup 'Clk'
Slack : -1.742
TNS   : -1.742

Type  : Slow 1100mV 85C Model Hold 'Clk'
Slack : 1.503
TNS   : 0.000

Type  : Slow 1100mV 85C Model Minimum Pulse Width 'Clk'
Slack : 0.336
TNS   : 0.000

Type  : Slow 1100mV 0C Model Setup 'Clk'
Slack : -1.794
TNS   : -1.794

Type  : Slow 1100mV 0C Model Hold 'Clk'
Slack : 1.516
TNS   : 0.000

Type  : Slow 1100mV 0C Model Minimum Pulse Width 'Clk'
Slack : 0.328
TNS   : 0.000

Type  : Fast 1100mV 85C Model Setup 'Clk'
Slack : -0.341
TNS   : -0.341

Type  : Fast 1100mV 85C Model Hold 'Clk'
Slack : 0.644
TNS   : 0.000

Type  : Fast 1100mV 85C Model Minimum Pulse Width 'Clk'
Slack : 0.054
TNS   : 0.000

Type  : Fast 1100mV 0C Model Setup 'Clk'
Slack : -0.276
TNS   : -0.276

Type  : Fast 1100mV 0C Model Hold 'Clk'
Slack : 0.608
TNS   : 0.000

Type  : Fast 1100mV 0C Model Minimum Pulse Width 'Clk'
Slack : 0.048
TNS   : 0.000

------------------------------------------------------------
