------------------------------------------------------------
TimeQuest Timing Analyzer Summary
------------------------------------------------------------

Type  : Slow 1100mV 85C Model Setup 'clk'
Slack : -0.060
TNS   : -0.243

Type  : Slow 1100mV 85C Model Hold 'clk'
Slack : 0.236
TNS   : 0.000

Type  : Slow 1100mV 85C Model Minimum Pulse Width 'clk'
Slack : -0.394
TNS   : -3.144

Type  : Slow 1100mV 0C Model Setup 'clk'
Slack : -0.082
TNS   : -0.283

Type  : Slow 1100mV 0C Model Hold 'clk'
Slack : 0.217
TNS   : 0.000

Type  : Slow 1100mV 0C Model Minimum Pulse Width 'clk'
Slack : -0.394
TNS   : -3.408

Type  : Fast 1100mV 85C Model Setup 'clk'
Slack : 0.305
TNS   : 0.000

Type  : Fast 1100mV 85C Model Hold 'clk'
Slack : 0.141
TNS   : 0.000

Type  : Fast 1100mV 85C Model Minimum Pulse Width 'clk'
Slack : -0.080
TNS   : -0.475

Type  : Fast 1100mV 0C Model Setup 'clk'
Slack : 0.353
TNS   : 0.000

Type  : Fast 1100mV 0C Model Hold 'clk'
Slack : 0.127
TNS   : 0.000

Type  : Fast 1100mV 0C Model Minimum Pulse Width 'clk'
Slack : -0.082
TNS   : -0.484

------------------------------------------------------------
