------------------------------------------------------------
TimeQuest Timing Analyzer Summary
------------------------------------------------------------

Type  : Slow 1100mV 85C Model Setup 'clk'
Slack : 0.008
TNS   : 0.000

Type  : Slow 1100mV 85C Model Hold 'clk'
Slack : 0.387
TNS   : 0.000

Type  : Slow 1100mV 85C Model Minimum Pulse Width 'clk'
Slack : -0.394
TNS   : -4.200

Type  : Slow 1100mV 0C Model Setup 'clk'
Slack : 0.003
TNS   : 0.000

Type  : Slow 1100mV 0C Model Hold 'clk'
Slack : 0.380
TNS   : 0.000

Type  : Slow 1100mV 0C Model Minimum Pulse Width 'clk'
Slack : -0.394
TNS   : -4.564

Type  : Fast 1100mV 85C Model Setup 'clk'
Slack : 0.385
TNS   : 0.000

Type  : Fast 1100mV 85C Model Hold 'clk'
Slack : 0.244
TNS   : 0.000

Type  : Fast 1100mV 85C Model Minimum Pulse Width 'clk'
Slack : -0.078
TNS   : -0.620

Type  : Fast 1100mV 0C Model Setup 'clk'
Slack : 0.414
TNS   : 0.000

Type  : Fast 1100mV 0C Model Hold 'clk'
Slack : 0.229
TNS   : 0.000

Type  : Fast 1100mV 0C Model Minimum Pulse Width 'clk'
Slack : -0.078
TNS   : -0.616

------------------------------------------------------------
